   55  echo 'export PATH="/usr/local/opt/openssl/bin:$PATH"' >> ~/.bash_profile
   56  source ~/.bash_profile
   57  csrutil disable
   58  kill safari
   59  cd Des
   60  cd Desktop/
   61  kill safari
   62  git
   63  git --version
   64  which -a git
   65  /user/bin/git --version
   66  /usr/bin/git --version
   67  /usr/local/bin/git --version
   68  open .bashrc
   69  is -a
   70  anothers is -a
   71  open .bash_profile
   72  echo $PATH
   73  . bash_profile
   74  ls
   75  ls -a
   76  source .bash_profile
   77  which git
   78  echo $PATH
   79  open .bash_profile
   80  source .bash_profile
   81  echo $PATH
   82  which git
   83  git --version
   84  exit
   85  git --version
   86  mkdir test
   87  cd test/
   88  git init
   89  cd ..
   90  exit
   91  gir config --global user.email "nourhan.abdelwahab@student.guc.edu.eg"
   92   gir config --global user.email "nourhan.abdelwahab@student.guc.edu.eg"
   93  git config --global user.email "nourhan.abdelwahab@student.guc.edu.eg" git config --global user.name "nourhansamyy"
   94  $ cd 
   95  ~/Desktop/
   96  $ cd ~
   97  $ cd ~/repos
   98  cd ~
   99  mkdir repos
  100  cd ~/repos
  101  git clone https://github.com/nourhansamyy/Nourhan-Reposi.git
  102  ls
  103  cd ~/repos/bitbucketstationlocations/
  104  cd /Users/Mac/Desktop/Git/section 1.1 Getting Started/
  105  cd Mac/Desktop/Git/1stFile/
  106  cd /Users/Mac/repos/Nourhan-Reposi/
  107  get init
  108  git init
  109  defaults write com.apple.finder AppleShowALLFiles YES
  110  defaults write com.apple.finder AppleShowALLFiles YES
  111  cd cd /Users/Mac/repos/Nourhan-Reposi/Myfolder
  112  cd /Users/Mac/repos/Nourhan-Reposi/Myfolder
  113  get init
  114  git init
  115  defaults write com.apple.finder AppleShowALLFiles YES
  116  git status
  117  touch firstfile.txt
  118  get touch Secondfile.txt
  119  touch Secondfile.txt
  120  touch Thirdfile.txt
  121  ls
  122  git status
  123  git add Secondfile.txt
  124  git add Thirdfile.txt
  125  git add firstfile.txt
  126  git status
  127  git commit -m "added Secondfile.txt"
  128  git status
  129  touch AllMyCommands.txt
  130  git add AllMyCommands.txt
  131  git status
  132  git commit
  133  git status
  134  cd /Users/Mac/repos/Nourhan-Reposi/Myfolder
  135  git init
  136  git status
  137  git status
  138  git add *.txt
  139  git status
Last login: Sat Feb 10 17:13:34 on ttys001
192:~ Mac$ git status
fatal: Not a git repository (or any of the parent directories): .git
192:~ Mac$ cd /Users/Mac/repos/Nourhan-Reposi/Myfolder
192:Myfolder Mac$ git init
Reinitialized existing Git repository in /Users/Mac/repos/Nourhan-Reposi/Myfolder/.git/
192:Myfolder Mac$ git status
On branch master
Changes to be committed:
  (use "git reset HEAD <file>..." to unstage)

	new file:   AllMyCommands.txt

192:Myfolder Mac$ git status
On branch master
Changes to be committed:
  (use "git reset HEAD <file>..." to unstage)

	new file:   AllMyCommands.txt

Changes not staged for commit:
  (use "git add <file>..." to update what will be committed)
  (use "git checkout -- <file>..." to discard changes in working directory)

	modified:   Secondfile.txt
	modified:   firstfile.txt

192:Myfolder Mac$ git add *.txt
192:Myfolder Mac$ git status
On branch master
Changes to be committed:
  (use "git reset HEAD <file>..." to unstage)

	new file:   AllMyCommands.txt
	modified:   Secondfile.txt
	modified:   firstfile.txt
	
Last login: Sat Feb 10 19:14:47 on ttys001
macs-MacBook-Pro-6:~ Mac$ cd /Users/Mac/repos/Nourhan-Reposi/Myfolder
macs-MacBook-Pro-6:Myfolder Mac$ git status
On branch master
Changes to be committed:
  (use "git reset HEAD <file>..." to unstage)

	modified:   AllMyCommands.txt
	modified:   Thirdfile.txt

Changes not staged for commit:
  (use "git add/rm <file>..." to update what will be committed)
  (use "git checkout -- <file>..." to discard changes in working directory)

	deleted:    Secondfile.txt

Untracked files:
  (use "git add <file>..." to include in what will be committed)

	Secondfile.rtf

macs-MacBook-Pro-6:Myfolder Mac$ git status
On branch master
Changes to be committed:
  (use "git reset HEAD <file>..." to unstage)

	modified:   AllMyCommands.txt
	modified:   Thirdfile.txt

Changes not staged for commit:
  (use "git add <file>..." to update what will be committed)
  (use "git checkout -- <file>..." to discard changes in working directory)

	modified:   Secondfile.txt

macs-MacBook-Pro-6:Myfolder Mac$ git add Secondfile.txt
macs-MacBook-Pro-6:Myfolder Mac$ git status
On branch master
Changes to be committed:
  (use "git reset HEAD <file>..." to unstage)

	modified:   AllMyCommands.txt
	modified:   Secondfile.txt
	modified:   Thirdfile.txt

macs-MacBook-Pro-6:Myfolder Mac$ git commit -m "modified 2nd file"
[master 3c455fa] modified 2nd file
 Committer: mac <Mac@macs-MacBook-Pro-6.local>
Your name and email address were configured automatically based
on your username and hostname. Please check that they are accurate.
You can suppress this message by setting them explicitly. Run the
following command and follow the instructions in your editor to edit
your configuration file:

    git config --global --edit

After doing this, you may fix the identity used for this commit with:

    git commit --amend --reset-author

 3 files changed, 126 insertions(+), 3 deletions(-)
macs-MacBook-Pro-6:Myfolder Mac$ git remote add origin https://github.com/nourhansamyy/Nourhan-Reposi.git
fatal: remote origin already exists.
macs-MacBook-Pro-6:Myfolder Mac$ git push -u origin master
To https://github.com/nourhansamyy/Nourhan-Reposi.git
 ! [rejected]        master -> master (fetch first)
error: failed to push some refs to 'https://github.com/nourhansamyy/Nourhan-Reposi.git'
hint: Updates were rejected because the remote contains work that you do
hint: not have locally. This is usually caused by another repository pushing
hint: to the same ref. You may want to first integrate the remote changes
hint: (e.g., 'git pull ...') before pushing again.
hint: See the 'Note about fast-forwards' in 'git push --help' for details.
macs-MacBook-Pro-6:Myfolder Mac$ git fetch origin master
warning: no common commits
remote: Counting objects: 3, done.
remote: Total 3 (delta 0), reused 0 (delta 0), pack-reused 0
Unpacking objects: 100% (3/3), done.
From https://github.com/nourhansamyy/Nourhan-Reposi
 * branch            master     -> FETCH_HEAD
 * [new branch]      master     -> origin/master
macs-MacBook-Pro-6:Myfolder Mac$ git merge origin master
merge: origin - not something we can merge
macs-MacBook-Pro-6:Myfolder Mac$ git push -u origin master
To https://github.com/nourhansamyy/Nourhan-Reposi.git
 ! [rejected]        master -> master (non-fast-forward)
error: failed to push some refs to 'https://github.com/nourhansamyy/Nourhan-Reposi.git'
hint: Updates were rejected because the tip of your current branch is behind
hint: its remote counterpart. Integrate the remote changes (e.g.
hint: 'git pull ...') before pushing again.
hint: See the 'Note about fast-forwards' in 'git push --help' for details.
macs-MacBook-Pro-6:Myfolder Mac$ git fetch origin master:tmp
From https://github.com/nourhansamyy/Nourhan-Reposi
 * [new branch]      master     -> tmp
macs-MacBook-Pro-6:Myfolder Mac$ git rebase tmp
First, rewinding head to replay your work on top of it...
Applying: added Secondfile.txt
Applying:  added three files with their text still did't modified thirdfile.txt
Applying: modified 2nd file
macs-MacBook-Pro-6:Myfolder Mac$ git push origin HEAD:master
Counting objects: 12, done.
Delta compression using up to 4 threads.
Compressing objects: 100% (11/11), done.
Writing objects: 100% (12/12), 6.40 KiB | 2.13 MiB/s, done.
Total 12 (delta 2), reused 0 (delta 0)
remote: Resolving deltas: 100% (2/2), done.
To https://github.com/nourhansamyy/Nourhan-Reposi.git
   491845c..f691e1a  HEAD -> master
macs-MacBook-Pro-6:Myfolder Mac$ git branch -D tmp
Deleted branch tmp (was 491845c).
macs-MacBook-Pro-6:Myfolder Mac$ 
